{
  "output": "# Workflows\n\nFound 1 workflows.\n\n## 1. Test Data Generation Workflow\n\n**ID:** 149593961  \n**Path:** .github/workflows/test-workflow.yml  \n**State:** active  \n**Created:** Thu, 13 Mar 2025 17:38:47 +0100  \n**Updated:** Thu, 13 Mar 2025 17:38:47 +0100  \n**URL:** https://github.com/geropl/github-mcp-go-test/blob/main/.github/workflows/test-workflow.yml  \n\n",
  "err": ""
}